// Vitest Snapshot v1, https://vitest.dev/guide/snapshot.html

exports[`snapshot 1`] = `
<div>
  <h2>
    Login
  </h2>
  <form>
    <div>
      <input
        placeholder="Username"
        type="text"
        value=""
      />
    </div>
    <div>
      <input
        placeholder="Password"
        type="password"
        value=""
      />
    </div>
    <button
      type="submit"
    >
      Log in
    </button>
  </form>
</div>
`;
